Restore Archived Project report for ProcessorV1
Thu Mar 28 17:27:25 2013
Quartus II Version 11.0 Build 208 07/03/2011 Service Pack 1 SJ Full Version


---------------------
; Table of Contents ;
---------------------
  1. Legal Notice
  2. Restore Archived Project Summary
  3. Restore Archived Project Messages
  4. Files Restored
  5. Files Not Restored



----------------
; Legal Notice ;
----------------
Copyright (C) 1991-2011 Altera Corporation
Your use of Altera Corporation's design tools, logic functions 
and other software and tools, and its AMPP partner logic 
functions, and any output files from any of the foregoing 
(including device programming or simulation files), and any 
associated documentation or information are expressly subject 
to the terms and conditions of the Altera Program License 
Subscription Agreement, Altera MegaCore Function License 
Agreement, or other applicable license agreement, including, 
without limitation, that your use is for the sole purpose of 
programming logic devices manufactured by Altera and sold by 
Altera or its authorized distributors.  Please refer to the 
applicable agreement for further details.



+-------------------------------------------------------------------------+
; Restore Archived Project Summary                                        ;
+---------------------------------+---------------------------------------+
; Restore Archived Project Status ; Successful - Thu Mar 28 17:27:25 2013 ;
; Revision Name                   ; ProcessorV1                           ;
; Top-level Entity Name           ; ProcessorV1                           ;
; Family                          ; Cyclone II                            ;
+---------------------------------+---------------------------------------+


+-----------------------------------+
; Restore Archived Project Messages ;
+-----------------------------------+
Info: Successfully restored 'Z:/smpproject/ProcessorProject/ProcessorV1_restored/PartII.qar' into the 'Z:/smpproject/ProcessorProject/ProcessorV1_restored/PartII_restored/' directory
Info: Generated report 'ProcessorV1.restore.rpt'
Info: Evaluation of Tcl script c:/altera/11.0sp1/quartus/common/tcl/apps/qpm/qar.tcl was successful
Info: Quartus II Shell was successful. 0 errors, 0 warnings
    Info: Peak virtual memory: 176 megabytes
    Info: Processing ended: Thu Mar 28 17:27:26 2013
    Info: Elapsed time: 00:00:11
    Info: Total CPU time (on all processors): 00:00:01


+--------------------------------------------------------+
; Files Restored                                         ;
+--------------------------------------------------------+
; File Name                                              ;
+--------------------------------------------------------+
; ALU16Bit.bdf                                           ;
; ALUTest.do                                             ;
; AND16BIT.vhd                                           ;
; Adder.bsf                                              ;
; Adder.vhd                                              ;
; Adder16Bit.bdf                                         ;
; Adder1Bit.bdf                                          ;
; Const.bsf                                              ;
; Const.vhd                                              ;
; DECODER4TO16.vhd                                       ;
; DFF_16BIT.bsf                                          ;
; DFF_16BIT.vhd                                          ;
; INV16BIT.vhd                                           ;
; InstructionAddressGenerator.bdf                        ;
; InstructionAddressGenerator.bsf                        ;
; MUX2_1.vhd                                             ;
; MUX4_1_16bit.vhd                                       ;
; MainMemory.bsf                                         ;
; MainMemory.vhd                                         ;
; MemoryInitialization.mif                               ;
; MemoryInterface.bdf                                    ;
; MemoryInterface.bsf                                    ;
; MuxDest.bsf                                            ;
; MuxDest.cmp                                            ;
; MuxDest.qip                                            ;
; MuxDest.vhd                                            ;
; MuxDest_inst.vhd                                       ;
; MuxINC.vhd                                             ;
; MuxMA.bsf                                              ;
; MuxMA.cmp                                              ;
; MuxMA.qip                                              ;
; MuxMA.vhd                                              ;
; MuxMA_inst.vhd                                         ;
; MuxPC.bsf                                              ;
; MuxPC.vhd                                              ;
; MuxY.bsf                                               ;
; MuxY.cmp                                               ;
; MuxY.qip                                               ;
; MuxY.vhd                                               ;
; MuxY_inst.vhd                                          ;
; OR16BIT.vhd                                            ;
; PC.bsf                                                 ;
; PC.vhd                                                 ;
; PC_Temp.bsf                                            ;
; PC_Temp.vhd                                            ;
; ProcessorV1.bdf                                        ;
; ProcessorV1.do                                         ;
; ProcessorV1.qpf                                        ;
; ProcessorV1.qsf                                        ;
; ProcessorV1_assignment_defaults.qdf                    ;
; Reg_24.bsf                                             ;
; Reg_24.vhd                                             ;
; RegisterFileTest.do                                    ;
; ResultFlags.bdf                                        ;
; XOR16BIT.vhd                                           ;
; ZeroConstant16Bit.vhd                                  ;
; assignment_defaults.qdf                                ;
; control_unit_230.bsf                                   ;
; control_unit_230.vhd                                   ;
; immediate.bsf                                          ;
; immediate.vhd                                          ;
; incremental_db/compiled_partitions/ProcessorV1.db_info ;
; smp16to1Mux.bsf                                        ;
; smp16to1Mux.vhd                                        ;
; smpRegisterFile.bdf                                    ;
+--------------------------------------------------------+


+--------------------+
; Files Not Restored ;
+--------------------+
; File Name          ;
+--------------------+


